   Γû▓ Next.js 16.0.7 (Turbopack)
   - Environments: .env.local
   - Experiments (use with caution):
     ┬╖ optimizePackageImports

   Creating an optimized production build ...
node.exe : Turbopack 
build encountered 1 
warnings:
At line:1 char:1
+ & "C:\Program Files\
nodejs/node.exe" 
"C:\Program 
Files\nodejs/node_mo 
...
+ ~~~~~~~~~~~~~~~~~~~~
~~~~~~~~~~~~~~~~~~~~~~
~~~~~~~~~~~~~~~~~~~~~~
~~~~~
    + CategoryInfo    
          : NotSpeci  
  fied: (Turbopack    
 build encountered    
 1 warnings::Stri    
ng) [], RemoteExc    
eption
    + FullyQualifiedE 
   rrorId : NativeCo  
  mmandError
 
./node_modules/.pnpm/i
somorphic-dompurify@2.
33.0/node_modules/isom
orphic-dompurify
Package jsdom can't 
be external
The request jsdom 
matches serverExternal
Packages (or the 
default list).
The request could not 
be resolved by 
Node.js from the 
project directory.
Packages that should 
be external need to 
be installed in the 
project directory, so 
they can be resolved 
from the output files.
Try to install it 
into the project 
directory by running 
npm install jsdom 
from the project 
directory.



> Build error occurred
Error: Turbopack 
build failed with 1 
errors:
./app/layout.jsx:4:17
Ecmascript file had 
an error
[0m [90m 2 |[39m 
[36mimport[39m [32m
"./globals.css"[39m[
33m;[39m
 [90m 3 |[39m
[31m[1m>[22m[39m[
90m 4 |[39m 
[36mconst[39m 
[33mToaster[39m 
[33m=[39m 
dynamic(() 
[33m=>[39m [36mimpo
rt[39m([32m"@/compon
ents/Application/Toast
er"[39m)[33m,[39m {
 [90m   |[39m       
          [31m[1m^[
22m[39m[31m[1m^[22
m[39m[31m[1m^[22m
[39m[31m[1m^[22m[3
9m[31m[1m^[22m[39m
[31m[1m^[22m[39m[
31m[1m^[22m[39m[31
m[1m^[22m[39m[31m
[1m^[22m[39m[31m[1
m^[22m[39m[31m[1m^
[22m[39m[31m[1m^[
22m[39m[31m[1m^[22
m[39m[31m[1m^[22m
[39m[31m[1m^[22m[3
9m[31m[1m^[22m[39m
[31m[1m^[22m[39m[
31m[1m^[22m[39m[31
m[1m^[22m[39m[31m
[1m^[22m[39m[31m[1
m^[22m[39m[31m[1m^
[22m[39m[31m[1m^[
22m[39m[31m[1m^[22
m[39m[31m[1m^[22m
[39m[31m[1m^[22m[3
9m[31m[1m^[22m[39m
[31m[1m^[22m[39m[
31m[1m^[22m[39m[31
m[1m^[22m[39m[31m
[1m^[22m[39m[31m[1
m^[22m[39m[31m[1m^
[22m[39m[31m[1m^[
22m[39m[31m[1m^[22
m[39m[31m[1m^[22m
[39m[31m[1m^[22m[3
9m[31m[1m^[22m[39m
[31m[1m^[22m[39m[
31m[1m^[22m[39m[31
m[1m^[22m[39m[31m
[1m^[22m[39m[31m[1
m^[22m[39m[31m[1m^
[22m[39m[31m[1m^[
22m[39m[31m[1m^[22
m[39m[31m[1m^[22m
[39m[31m[1m^[22m[3
9m[31m[1m^[22m[39m
[31m[1m^[22m[39m[
31m[1m^[22m[39m[31
m[1m^[22m[39m[31m
[1m^[22m[39m[31m[1
m^[22m[39m[31m[1m^
[22m[39m[31m[1m^[
22m[39m[31m[1m^[22
m[39m[31m[1m^[22m
[39m[31m[1m^[22m[3
9m
[31m[1m>[22m[39m[
90m 5 |[39m   
ssr[33m:[39m [36mfa
lse[39m[33m,[39m
 [90m   |[39m [31m
[1m^[22m[39m[31m[1
m^[22m[39m[31m[1m^
[22m[39m[31m[1m^[
22m[39m[31m[1m^[22
m[39m[31m[1m^[22m
[39m[31m[1m^[22m[3
9m[31m[1m^[22m[39m
[31m[1m^[22m[39m[
31m[1m^[22m[39m[31
m[1m^[22m[39m[31m
[1m^[22m[39m[31m[1
m^[22m[39m
[31m[1m>[22m[39m[
90m 6 |[39m 
})[33m;[39m
 [90m   |[39m [31m
[1m^[22m[39m[31m[1
m^[22m[39m[31m[1m^
[22m[39m
 [90m 7 |[39m
 [90m 8 |[39m 
[36mimport[39m { 
[33mAssistant[39m } 
[36mfrom[39m [32m"n
ext/font/google"[39m
[33m;[39m
 [90m 9 |[39m 
[36mimport[39m { [3
3mSpeedInsights[39m 
} [36mfrom[39m [32m
"@vercel/speed-insight
s/next"[39m[33m;[39
m[0m

`ssr: false` is not 
allowed with 
`next/dynamic` in 
Server Components. 
Please move it into a 
Client Component.


    at <unknown> (./ap
p/layout.jsx:4:17)
